// Jest Snapshot v1, https://goo.gl/fbAQLP

exports[`Test component renders 1`] = `
<View
  style={
    Array [
      Object {
        "backgroundColor": "rgba(255, 0, 0, 0.25)",
      },
    ]
  }
>
  <Text
    style={
      Array [
        Object {
          "color": "red",
        },
      ]
    }
  >
    Testing, testing, 1, 2, 3
  </Text>
</View>
`;
